// Vitest Snapshot v1, https://vitest.dev/guide/snapshot.html

exports[`EmployeeTable > matches snapshot 1`] = `null`;
