// Vitest Snapshot v1, https://vitest.dev/guide/snapshot.html

exports[`EmployeeFilter > matches snapshot 1`] = `null`;
