// Vitest Snapshot v1, https://vitest.dev/guide/snapshot.html

exports[`EmployeeFormModal > matches snapshot 1`] = `null`;
